Archive member included to satisfy reference by file (symbol)

d:/systemworkbench/plugins/fr.ac6.mcu.externaltools.arm-none.win32_1.7.0.201602121829/tools/compiler/bin/../lib/gcc/arm-none-eabi/5.2.1/../../../../arm-none-eabi/lib/armv7e-m/fpu\libc.a(lib_a-errno.o)
                              src/syscalls.o (__errno)
d:/systemworkbench/plugins/fr.ac6.mcu.externaltools.arm-none.win32_1.7.0.201602121829/tools/compiler/bin/../lib/gcc/arm-none-eabi/5.2.1/../../../../arm-none-eabi/lib/armv7e-m/fpu\libc.a(lib_a-exit.o)
                              d:/systemworkbench/plugins/fr.ac6.mcu.externaltools.arm-none.win32_1.7.0.201602121829/tools/compiler/bin/../lib/gcc/arm-none-eabi/5.2.1/../../../../arm-none-eabi/lib/armv7e-m/fpu/crt0.o (exit)
d:/systemworkbench/plugins/fr.ac6.mcu.externaltools.arm-none.win32_1.7.0.201602121829/tools/compiler/bin/../lib/gcc/arm-none-eabi/5.2.1/../../../../arm-none-eabi/lib/armv7e-m/fpu\libc.a(lib_a-impure.o)
                              d:/systemworkbench/plugins/fr.ac6.mcu.externaltools.arm-none.win32_1.7.0.201602121829/tools/compiler/bin/../lib/gcc/arm-none-eabi/5.2.1/../../../../arm-none-eabi/lib/armv7e-m/fpu\libc.a(lib_a-exit.o) (_global_impure_ptr)
d:/systemworkbench/plugins/fr.ac6.mcu.externaltools.arm-none.win32_1.7.0.201602121829/tools/compiler/bin/../lib/gcc/arm-none-eabi/5.2.1/../../../../arm-none-eabi/lib/armv7e-m/fpu\libc.a(lib_a-init.o)
                              d:/systemworkbench/plugins/fr.ac6.mcu.externaltools.arm-none.win32_1.7.0.201602121829/tools/compiler/bin/../lib/gcc/arm-none-eabi/5.2.1/../../../../arm-none-eabi/lib/armv7e-m/fpu/crt0.o (__libc_init_array)
d:/systemworkbench/plugins/fr.ac6.mcu.externaltools.arm-none.win32_1.7.0.201602121829/tools/compiler/bin/../lib/gcc/arm-none-eabi/5.2.1/../../../../arm-none-eabi/lib/armv7e-m/fpu\libc.a(lib_a-memset.o)
                              d:/systemworkbench/plugins/fr.ac6.mcu.externaltools.arm-none.win32_1.7.0.201602121829/tools/compiler/bin/../lib/gcc/arm-none-eabi/5.2.1/../../../../arm-none-eabi/lib/armv7e-m/fpu/crt0.o (memset)
d:/systemworkbench/plugins/fr.ac6.mcu.externaltools.arm-none.win32_1.7.0.201602121829/tools/compiler/bin/../lib/gcc/arm-none-eabi/5.2.1/../../../../arm-none-eabi/lib/armv7e-m/fpu\libc.a(lib_a-__call_atexit.o)
                              d:/systemworkbench/plugins/fr.ac6.mcu.externaltools.arm-none.win32_1.7.0.201602121829/tools/compiler/bin/../lib/gcc/arm-none-eabi/5.2.1/../../../../arm-none-eabi/lib/armv7e-m/fpu\libc.a(lib_a-exit.o) (__call_exitprocs)
d:/systemworkbench/plugins/fr.ac6.mcu.externaltools.arm-none.win32_1.7.0.201602121829/tools/compiler/bin/../lib/gcc/arm-none-eabi/5.2.1/../../../../arm-none-eabi/lib/armv7e-m/fpu\libc.a(lib_a-atexit.o)
                              d:/systemworkbench/plugins/fr.ac6.mcu.externaltools.arm-none.win32_1.7.0.201602121829/tools/compiler/bin/../lib/gcc/arm-none-eabi/5.2.1/../../../../arm-none-eabi/lib/armv7e-m/fpu\libc.a(lib_a-__call_atexit.o) (atexit)
d:/systemworkbench/plugins/fr.ac6.mcu.externaltools.arm-none.win32_1.7.0.201602121829/tools/compiler/bin/../lib/gcc/arm-none-eabi/5.2.1/../../../../arm-none-eabi/lib/armv7e-m/fpu\libc.a(lib_a-fini.o)
                              d:/systemworkbench/plugins/fr.ac6.mcu.externaltools.arm-none.win32_1.7.0.201602121829/tools/compiler/bin/../lib/gcc/arm-none-eabi/5.2.1/../../../../arm-none-eabi/lib/armv7e-m/fpu\libc.a(lib_a-__call_atexit.o) (__libc_fini_array)
d:/systemworkbench/plugins/fr.ac6.mcu.externaltools.arm-none.win32_1.7.0.201602121829/tools/compiler/bin/../lib/gcc/arm-none-eabi/5.2.1/../../../../arm-none-eabi/lib/armv7e-m/fpu\libc.a(lib_a-__atexit.o)
                              d:/systemworkbench/plugins/fr.ac6.mcu.externaltools.arm-none.win32_1.7.0.201602121829/tools/compiler/bin/../lib/gcc/arm-none-eabi/5.2.1/../../../../arm-none-eabi/lib/armv7e-m/fpu\libc.a(lib_a-atexit.o) (__register_exitproc)

Allocating common symbols
Common symbol       size              file

ws2812_framebuffer  0x4               src/main.o

Discarded input sections

 .text          0x00000000        0x0 d:/systemworkbench/plugins/fr.ac6.mcu.externaltools.arm-none.win32_1.7.0.201602121829/tools/compiler/bin/../lib/gcc/arm-none-eabi/5.2.1/armv7e-m/fpu/crti.o
 .data          0x00000000        0x0 d:/systemworkbench/plugins/fr.ac6.mcu.externaltools.arm-none.win32_1.7.0.201602121829/tools/compiler/bin/../lib/gcc/arm-none-eabi/5.2.1/armv7e-m/fpu/crti.o
 .bss           0x00000000        0x0 d:/systemworkbench/plugins/fr.ac6.mcu.externaltools.arm-none.win32_1.7.0.201602121829/tools/compiler/bin/../lib/gcc/arm-none-eabi/5.2.1/armv7e-m/fpu/crti.o
 .data          0x00000000        0x4 d:/systemworkbench/plugins/fr.ac6.mcu.externaltools.arm-none.win32_1.7.0.201602121829/tools/compiler/bin/../lib/gcc/arm-none-eabi/5.2.1/armv7e-m/fpu/crtbegin.o
[...]
Memory Configuration

Name             Origin             Length             Attributes
RAM              0x20000000         0x00020000         xrw
ROM              0x08000000         0x00080000         xr
*default*        0x00000000         0xffffffff

Linker script and memory map

LOAD d:/systemworkbench/plugins/fr.ac6.mcu.externaltools.arm-none.win32_1.7.0.201602121829/tools/compiler/bin/../lib/gcc/arm-none-eabi/5.2.1/armv7e-m/fpu/crti.o
LOAD d:/systemworkbench/plugins/fr.ac6.mcu.externaltools.arm-none.win32_1.7.0.201602121829/tools/compiler/bin/../lib/gcc/arm-none-eabi/5.2.1/armv7e-m/fpu/crtbegin.o
LOAD d:/systemworkbench/plugins/fr.ac6.mcu.externaltools.arm-none.win32_1.7.0.201602121829/tools/compiler/bin/../lib/gcc/arm-none-eabi/5.2.1/../../../../arm-none-eabi/lib/armv7e-m/fpu/crt0.o
LOAD d:/systemworkbench/plugins/fr.ac6.mcu.externaltools.arm-none.win32_1.7.0.201602121829/tools/compiler/bin/../lib/gcc/arm-none-eabi/5.2.1/../../../../arm-none-eabi/lib/armv7e-m/fpu\libm.a
LOAD StdPeriph_Driver/src/misc.o
LOAD StdPeriph_Driver/src/stm32f4xx_adc.o
LOAD StdPeriph_Driver/src/stm32f4xx_can.o
LOAD StdPeriph_Driver/src/stm32f4xx_cec.o
LOAD StdPeriph_Driver/src/stm32f4xx_crc.o
LOAD StdPeriph_Driver/src/stm32f4xx_cryp.o
LOAD StdPeriph_Driver/src/stm32f4xx_cryp_aes.o
LOAD StdPeriph_Driver/src/stm32f4xx_cryp_des.o
LOAD StdPeriph_Driver/src/stm32f4xx_cryp_tdes.o
LOAD StdPeriph_Driver/src/stm32f4xx_dac.o
LOAD StdPeriph_Driver/src/stm32f4xx_dbgmcu.o
LOAD StdPeriph_Driver/src/stm32f4xx_dcmi.o
LOAD StdPeriph_Driver/src/stm32f4xx_dfsdm.o
LOAD StdPeriph_Driver/src/stm32f4xx_dma.o
LOAD StdPeriph_Driver/src/stm32f4xx_dma2d.o
LOAD StdPeriph_Driver/src/stm32f4xx_dsi.o
LOAD StdPeriph_Driver/src/stm32f4xx_exti.o
LOAD StdPeriph_Driver/src/stm32f4xx_flash.o
LOAD StdPeriph_Driver/src/stm32f4xx_flash_ramfunc.o
LOAD StdPeriph_Driver/src/stm32f4xx_fmc.o
LOAD StdPeriph_Driver/src/stm32f4xx_fmip2c.o
LOAD StdPeriph_Driver/src/stm32f4xx_fsmc.o
LOAD StdPeriph_Driver/src/stm32f4xx_gpio.o
LOAD StdPeriph_Driver/src/stm32f4xx_hash.o
LOAD StdPeriph_Driver/src/stm32f4xx_hash_md5.o
LOAD StdPeriph_Driver/src/stm32f4xx_hash_sha1.o
LOAD StdPeriph_Driver/src/stm32f4xx_i2c.o
LOAD StdPeriph_Driver/src/stm32f4xx_iwdg.o
LOAD StdPeriph_Driver/src/stm32f4xx_lptim.o
LOAD StdPeriph_Driver/src/stm32f4xx_ltdc.o
LOAD StdPeriph_Driver/src/stm32f4xx_pwr.o
LOAD StdPeriph_Driver/src/stm32f4xx_qspi.o
LOAD StdPeriph_Driver/src/stm32f4xx_rcc.o
LOAD StdPeriph_Driver/src/stm32f4xx_rng.o
LOAD StdPeriph_Driver/src/stm32f4xx_rtc.o
LOAD StdPeriph_Driver/src/stm32f4xx_sai.o
LOAD StdPeriph_Driver/src/stm32f4xx_sdio.o
LOAD StdPeriph_Driver/src/stm32f4xx_spdifrx.o
LOAD StdPeriph_Driver/src/stm32f4xx_spi.o
LOAD StdPeriph_Driver/src/stm32f4xx_syscfg.o
LOAD StdPeriph_Driver/src/stm32f4xx_tim.o
LOAD StdPeriph_Driver/src/stm32f4xx_usart.o
LOAD StdPeriph_Driver/src/stm32f4xx_wwdg.o
LOAD src/delay.o
LOAD src/main.o
LOAD src/syscalls.o
LOAD src/system_stm32f4xx.o
LOAD src/ws2812.o
LOAD startup/startup_stm32.o
START GROUP
LOAD d:/systemworkbench/plugins/fr.ac6.mcu.externaltools.arm-none.win32_1.7.0.201602121829/tools/compiler/bin/../lib/gcc/arm-none-eabi/5.2.1/armv7e-m/fpu\libgcc.a
LOAD d:/systemworkbench/plugins/fr.ac6.mcu.externaltools.arm-none.win32_1.7.0.201602121829/tools/compiler/bin/../lib/gcc/arm-none-eabi/5.2.1/../../../../arm-none-eabi/lib/armv7e-m/fpu\libc.a
END GROUP
LOAD d:/systemworkbench/plugins/fr.ac6.mcu.externaltools.arm-none.win32_1.7.0.201602121829/tools/compiler/bin/../lib/gcc/arm-none-eabi/5.2.1/armv7e-m/fpu/crtend.o
LOAD d:/systemworkbench/plugins/fr.ac6.mcu.externaltools.arm-none.win32_1.7.0.201602121829/tools/compiler/bin/../lib/gcc/arm-none-eabi/5.2.1/armv7e-m/fpu/crtn.o
                0x20020000                _estack = 0x20020000
                0x00000000                _Min_Heap_Size = 0x0
                0x00000400                _Min_Stack_Size = 0x400

.isr_vector     0x08000000      0x188
                0x08000000                . = ALIGN (0x4)
 *(.isr_vector)
 .isr_vector    0x08000000      0x188 startup/startup_stm32.o
                0x08000000                g_pfnVectors
                0x08000188                . = ALIGN (0x4)

.text           0x08000188     0x130c
                0x08000188                . = ALIGN (0x4)
 *(.text)
 .text          0x08000188       0xa4 d:/systemworkbench/plugins/fr.ac6.mcu.externaltools.arm-none.win32_1.7.0.201602121829/tools/compiler/bin/../lib/gcc/arm-none-eabi/5.2.1/armv7e-m/fpu/crtbegin.o
 *(.text*)
 .text.NVIC_Init
                0x0800022c       0xc4 StdPeriph_Driver/src/misc.o
                0x0800022c                NVIC_Init
 .text.DMA_Init
                0x080002f0       0xb0 StdPeriph_Driver/src/stm32f4xx_dma.o
                0x080002f0                DMA_Init
 .text.DMA_Cmd  0x080003a0       0x38 StdPeriph_Driver/src/stm32f4xx_dma.o
                0x080003a0                DMA_Cmd
 .text.DMA_ITConfig
                0x080003d8       0x74 StdPeriph_Driver/src/stm32f4xx_dma.o
                0x080003d8                DMA_ITConfig
 .text.DMA_GetITStatus
                0x0800044c       0xb0 StdPeriph_Driver/src/stm32f4xx_dma.o
                0x0800044c                DMA_GetITStatus
 .text.DMA_ClearITPendingBit
                0x080004fc       0x5c StdPeriph_Driver/src/stm32f4xx_dma.o
                0x080004fc                DMA_ClearITPendingBit
 .text.GPIO_Init
                0x08000558      0x11c StdPeriph_Driver/src/stm32f4xx_gpio.o
                0x08000558                GPIO_Init
 .text.GPIO_PinAFConfig
                0x08000674       0x94 StdPeriph_Driver/src/stm32f4xx_gpio.o
                0x08000674                GPIO_PinAFConfig
 .text.RCC_GetClocksFreq
                0x08000708      0x1fc StdPeriph_Driver/src/stm32f4xx_rcc.o
                0x08000708                RCC_GetClocksFreq
 .text.RCC_AHB1PeriphClockCmd
                0x08000904       0x40 StdPeriph_Driver/src/stm32f4xx_rcc.o
                0x08000904                RCC_AHB1PeriphClockCmd
 .text.RCC_APB1PeriphClockCmd
                0x08000944       0x40 StdPeriph_Driver/src/stm32f4xx_rcc.o
                0x08000944                RCC_APB1PeriphClockCmd
 .text.TIM_TimeBaseInit
                0x08000984       0xd8 StdPeriph_Driver/src/stm32f4xx_tim.o
                0x08000984                TIM_TimeBaseInit
 .text.TIM_ARRPreloadConfig
                0x08000a5c       0x40 StdPeriph_Driver/src/stm32f4xx_tim.o
                0x08000a5c                TIM_ARRPreloadConfig
 .text.TIM_Cmd  0x08000a9c       0x40 StdPeriph_Driver/src/stm32f4xx_tim.o
                0x08000a9c                TIM_Cmd
 .text.TIM_OC4Init
                0x08000adc       0xd0 StdPeriph_Driver/src/stm32f4xx_tim.o
                0x08000adc                TIM_OC4Init
 .text.TIM_OC4PreloadConfig
                0x08000bac       0x3c StdPeriph_Driver/src/stm32f4xx_tim.o
                0x08000bac                TIM_OC4PreloadConfig
 .text.TIM_CCxCmd
                0x08000be8       0x5c StdPeriph_Driver/src/stm32f4xx_tim.o
                0x08000be8                TIM_CCxCmd
 .text.TIM_CtrlPWMOutputs
                0x08000c44       0x4c StdPeriph_Driver/src/stm32f4xx_tim.o
                0x08000c44                TIM_CtrlPWMOutputs
 .text.TIM_DMACmd
                0x08000c90       0x48 StdPeriph_Driver/src/stm32f4xx_tim.o
                0x08000c90                TIM_DMACmd
 .text.NVIC_SetPriority
                0x08000cd8       0x54 src/delay.o
 .text.SysTick_Config
                0x08000d2c       0x44 src/delay.o
 .text.init_systick
                0x08000d70       0x34 src/delay.o
                0x08000d70                init_systick
 .text.delay_ms
                0x08000da4       0x30 src/delay.o
                0x08000da4                delay_ms
 .text.SysTick_Handler
                0x08000dd4       0x1c src/delay.o
                0x08000dd4                SysTick_Handler
 .text.main     0x08000df0       0x4c src/main.o
                0x08000df0                main
 .text.SystemInit
                0x08000e3c       0x6c src/system_stm32f4xx.o
                0x08000e3c                SystemInit
 .text.SetSysClock
                0x08000ea8      0x12c src/system_stm32f4xx.o
 .text.start_dma
                0x08000fd4       0x30 src/ws2812.o
 .text.dma_hold
                0x08001004       0x14 src/ws2812.o
                0x08001004                dma_hold
 .text.init_buffers
                0x08001018       0x6c src/ws2812.o
 .text.ws2812_init
                0x08001084      0x11c src/ws2812.o
                0x08001084                ws2812_init
 .text.color2pwm
                0x080011a0       0x50 src/ws2812.o
 .text.Update_Buffer
                0x080011f0      0x100 src/ws2812.o
                0x080011f0                Update_Buffer
 .text.DMA1_Stream2_IRQHandler
                0x080012f0       0x58 src/ws2812.o
                0x080012f0                DMA1_Stream2_IRQHandler
 .text.Reset_Handler
                0x08001348       0x44 startup/startup_stm32.o
                0x08001348                Reset_Handler
 .text.Default_Handler
                0x0800138c        0x2 startup/startup_stm32.o
                0x0800138c                RTC_Alarm_IRQHandler
                0x0800138c                HASH_RNG_IRQHandler
                0x0800138c                EXTI2_IRQHandler
                0x0800138c                TIM8_CC_IRQHandler
                0x0800138c                DebugMon_Handler
                0x0800138c                TIM1_CC_IRQHandler
                0x0800138c                DMA2_Stream5_IRQHandler
                0x0800138c                HardFault_Handler
                0x0800138c                DMA1_Stream5_IRQHandler
                0x0800138c                PVD_IRQHandler
                0x0800138c                SDIO_IRQHandler
                0x0800138c                TAMP_STAMP_IRQHandler
                0x0800138c                PendSV_Handler
                0x0800138c                NMI_Handler
                0x0800138c                CAN2_RX1_IRQHandler
                0x0800138c                EXTI3_IRQHandler
                0x0800138c                TIM8_TRG_COM_TIM14_IRQHandler
                0x0800138c                TIM1_UP_TIM10_IRQHandler
                0x0800138c                TIM8_UP_TIM13_IRQHandler
                0x0800138c                I2C3_ER_IRQHandler
                0x0800138c                EXTI0_IRQHandler
                0x0800138c                I2C2_EV_IRQHandler
                0x0800138c                CAN1_RX0_IRQHandler
                0x0800138c                FPU_IRQHandler
                0x0800138c                OTG_HS_WKUP_IRQHandler
                0x0800138c                UsageFault_Handler
                0x0800138c                CAN2_SCE_IRQHandler
                0x0800138c                DMA2_Stream2_IRQHandler
                0x0800138c                SPI1_IRQHandler
                0x0800138c                TIM6_DAC_IRQHandler
                0x0800138c                TIM1_BRK_TIM9_IRQHandler
                0x0800138c                DCMI_IRQHandler
                0x0800138c                CAN2_RX0_IRQHandler
                0x0800138c                DMA2_Stream3_IRQHandler
                0x0800138c                USART6_IRQHandler
                0x0800138c                USART3_IRQHandler
                0x0800138c                CRYP_IRQHandler
                0x0800138c                CAN1_RX1_IRQHandler
                0x0800138c                UART5_IRQHandler
                0x0800138c                DMA2_Stream0_IRQHandler
                0x0800138c                TIM4_IRQHandler
                0x0800138c                I2C1_EV_IRQHandler
                0x0800138c                DMA1_Stream6_IRQHandler
                0x0800138c                DMA1_Stream1_IRQHandler
                0x0800138c                UART4_IRQHandler
                0x0800138c                TIM3_IRQHandler
                0x0800138c                RCC_IRQHandler
                0x0800138c                TIM8_BRK_TIM12_IRQHandler
                0x0800138c                Default_Handler
                0x0800138c                EXTI15_10_IRQHandler
                0x0800138c                ADC_IRQHandler
                0x0800138c                DMA1_Stream7_IRQHandler
                0x0800138c                TIM7_IRQHandler
                0x0800138c                CAN2_TX_IRQHandler
                0x0800138c                TIM5_IRQHandler
                0x0800138c                DMA2_Stream7_IRQHandler
                0x0800138c                I2C3_EV_IRQHandler
                0x0800138c                EXTI9_5_IRQHandler
                0x0800138c                RTC_WKUP_IRQHandler
                0x0800138c                ETH_WKUP_IRQHandler
                0x0800138c                SPI2_IRQHandler
                0x0800138c                OTG_HS_EP1_IN_IRQHandler
                0x0800138c                MemManage_Handler
                0x0800138c                DMA1_Stream0_IRQHandler
                0x0800138c                CAN1_TX_IRQHandler
                0x0800138c                SVC_Handler
                0x0800138c                EXTI4_IRQHandler
                0x0800138c                FSMC_IRQHandler
                0x0800138c                ETH_IRQHandler
                0x0800138c                OTG_HS_EP1_OUT_IRQHandler
                0x0800138c                WWDG_IRQHandler
                0x0800138c                TIM2_IRQHandler
                0x0800138c                OTG_FS_WKUP_IRQHandler
                0x0800138c                TIM1_TRG_COM_TIM11_IRQHandler
                0x0800138c                OTG_HS_IRQHandler
                0x0800138c                EXTI1_IRQHandler
                0x0800138c                USART2_IRQHandler
                0x0800138c                I2C2_ER_IRQHandler
                0x0800138c                DMA2_Stream1_IRQHandler
                0x0800138c                CAN1_SCE_IRQHandler
                0x0800138c                FLASH_IRQHandler
                0x0800138c                DMA2_Stream4_IRQHandler
                0x0800138c                BusFault_Handler
                0x0800138c                USART1_IRQHandler
                0x0800138c                OTG_FS_IRQHandler
                0x0800138c                SPI3_IRQHandler
                0x0800138c                DMA1_Stream4_IRQHandler
                0x0800138c                I2C1_ER_IRQHandler
                0x0800138c                DMA2_Stream6_IRQHandler
                0x0800138c                DMA1_Stream3_IRQHandler
 *fill*         0x0800138e        0x2 
 .text.startup.register_fini
                0x08001390       0x14 d:/systemworkbench/plugins/fr.ac6.mcu.externaltools.arm-none.win32_1.7.0.201602121829/tools/compiler/bin/../lib/gcc/arm-none-eabi/5.2.1/../../../../arm-none-eabi/lib/armv7e-m/fpu\libc.a(lib_a-__call_atexit.o)
 .text.atexit   0x080013a4        0xc d:/systemworkbench/plugins/fr.ac6.mcu.externaltools.arm-none.win32_1.7.0.201602121829/tools/compiler/bin/../lib/gcc/arm-none-eabi/5.2.1/../../../../arm-none-eabi/lib/armv7e-m/fpu\libc.a(lib_a-atexit.o)
                0x080013a4                atexit
 .text.__libc_fini_array
                0x080013b0       0x28 d:/systemworkbench/plugins/fr.ac6.mcu.externaltools.arm-none.win32_1.7.0.201602121829/tools/compiler/bin/../lib/gcc/arm-none-eabi/5.2.1/../../../../arm-none-eabi/lib/armv7e-m/fpu\libc.a(lib_a-fini.o)
                0x080013b0                __libc_fini_array
 .text.__register_exitproc
                0x080013d8       0xa4 d:/systemworkbench/plugins/fr.ac6.mcu.externaltools.arm-none.win32_1.7.0.201602121829/tools/compiler/bin/../lib/gcc/arm-none-eabi/5.2.1/../../../../arm-none-eabi/lib/armv7e-m/fpu\libc.a(lib_a-__atexit.o)
                0x080013d8                __register_exitproc
 *(.glue_7)
 .glue_7        0x0800147c        0x0 linker stubs
 *(.glue_7t)
 .glue_7t       0x0800147c        0x0 linker stubs
 *(.eh_frame)
 .eh_frame      0x0800147c        0x0 d:/systemworkbench/plugins/fr.ac6.mcu.externaltools.arm-none.win32_1.7.0.201602121829/tools/compiler/bin/../lib/gcc/arm-none-eabi/5.2.1/armv7e-m/fpu/crtbegin.o
 *(.init)
 .init          0x0800147c        0x4 d:/systemworkbench/plugins/fr.ac6.mcu.externaltools.arm-none.win32_1.7.0.201602121829/tools/compiler/bin/../lib/gcc/arm-none-eabi/5.2.1/armv7e-m/fpu/crti.o
                0x0800147c                _init
 .init          0x08001480        0x8 d:/systemworkbench/plugins/fr.ac6.mcu.externaltools.arm-none.win32_1.7.0.201602121829/tools/compiler/bin/../lib/gcc/arm-none-eabi/5.2.1/armv7e-m/fpu/crtn.o
 *(.fini)
 .fini          0x08001488        0x4 d:/systemworkbench/plugins/fr.ac6.mcu.externaltools.arm-none.win32_1.7.0.201602121829/tools/compiler/bin/../lib/gcc/arm-none-eabi/5.2.1/armv7e-m/fpu/crti.o
                0x08001488                _fini
 .fini          0x0800148c        0x8 d:/systemworkbench/plugins/fr.ac6.mcu.externaltools.arm-none.win32_1.7.0.201602121829/tools/compiler/bin/../lib/gcc/arm-none-eabi/5.2.1/armv7e-m/fpu/crtn.o
                0x08001494                . = ALIGN (0x4)
                0x08001494                _etext = .

.vfp11_veneer   0x08001494        0x0
 .vfp11_veneer  0x08001494        0x0 linker stubs

.v4_bx          0x08001494        0x0
 .v4_bx         0x08001494        0x0 linker stubs

.iplt           0x08001494        0x0
 .iplt          0x08001494        0x0 d:/systemworkbench/plugins/fr.ac6.mcu.externaltools.arm-none.win32_1.7.0.201602121829/tools/compiler/bin/../lib/gcc/arm-none-eabi/5.2.1/armv7e-m/fpu/crtbegin.o

.rodata         0x08001494        0x8
                0x08001494                . = ALIGN (0x4)
 *(.rodata)
 *(.rodata*)
 .rodata.str1.4
                0x08001494        0x4 d:/systemworkbench/plugins/fr.ac6.mcu.externaltools.arm-none.win32_1.7.0.201602121829/tools/compiler/bin/../lib/gcc/arm-none-eabi/5.2.1/../../../../arm-none-eabi/lib/armv7e-m/fpu\libc.a(lib_a-impure.o)
                                  0x2 (size before relaxing)
 .rodata._global_impure_ptr
                0x08001498        0x4 d:/systemworkbench/plugins/fr.ac6.mcu.externaltools.arm-none.win32_1.7.0.201602121829/tools/compiler/bin/../lib/gcc/arm-none-eabi/5.2.1/../../../../arm-none-eabi/lib/armv7e-m/fpu\libc.a(lib_a-impure.o)
                0x08001498                _global_impure_ptr
                0x0800149c                . = ALIGN (0x4)

.rel.dyn        0x0800149c        0x0
 .rel.iplt      0x0800149c        0x0 d:/systemworkbench/plugins/fr.ac6.mcu.externaltools.arm-none.win32_1.7.0.201602121829/tools/compiler/bin/../lib/gcc/arm-none-eabi/5.2.1/armv7e-m/fpu/crtbegin.o

.ARM.extab      0x0800149c        0x0
                0x0800149c                . = ALIGN (0x4)
 *(.ARM.extab* .gnu.linkonce.armextab.*)
                0x0800149c                . = ALIGN (0x4)

.ARM            0x0800149c        0x0
                0x0800149c                . = ALIGN (0x4)
                0x0800149c                __exidx_start = .
 *(.ARM.exidx*)
                0x0800149c                __exidx_end = .
                0x0800149c                . = ALIGN (0x4)

.preinit_array  0x0800149c        0x0
                0x0800149c                . = ALIGN (0x4)
                0x0800149c                PROVIDE (__preinit_array_start, .)
 *(.preinit_array*)
                0x0800149c                PROVIDE (__preinit_array_end, .)
                0x0800149c                . = ALIGN (0x4)

.init_array     0x0800149c        0x8
                0x0800149c                . = ALIGN (0x4)
                0x0800149c                PROVIDE (__init_array_start, .)
 *(SORT(.init_array.*))
 .init_array.00000
                0x0800149c        0x4 d:/systemworkbench/plugins/fr.ac6.mcu.externaltools.arm-none.win32_1.7.0.201602121829/tools/compiler/bin/../lib/gcc/arm-none-eabi/5.2.1/../../../../arm-none-eabi/lib/armv7e-m/fpu\libc.a(lib_a-__call_atexit.o)
 *(.init_array*)
 .init_array    0x080014a0        0x4 d:/systemworkbench/plugins/fr.ac6.mcu.externaltools.arm-none.win32_1.7.0.201602121829/tools/compiler/bin/../lib/gcc/arm-none-eabi/5.2.1/armv7e-m/fpu/crtbegin.o
                0x080014a4                PROVIDE (__init_array_end, .)
                0x080014a4                . = ALIGN (0x4)

.fini_array     0x080014a4        0x4
                0x080014a4                . = ALIGN (0x4)
                0x080014a4                PROVIDE (__fini_array_start, .)
 *(SORT(.fini_array.*))
 *(.fini_array*)
 .fini_array    0x080014a4        0x4 d:/systemworkbench/plugins/fr.ac6.mcu.externaltools.arm-none.win32_1.7.0.201602121829/tools/compiler/bin/../lib/gcc/arm-none-eabi/5.2.1/armv7e-m/fpu/crtbegin.o
                0x080014a8                PROVIDE (__fini_array_end, .)
                0x080014a8                . = ALIGN (0x4)
                0x080014a8                _sidata = LOADADDR (.data)

.data           0x20000000      0x478 load address 0x080014a8
                0x20000000                . = ALIGN (0x4)
                0x20000000                _sdata = .
 *(.data)
 .data          0x20000000       0x10 StdPeriph_Driver/src/stm32f4xx_rcc.o
 .data          0x20000010       0x3c src/ws2812.o
 *(.data*)
 *fill*         0x2000004c        0x4 
 .data.impure_data
                0x20000050      0x428 d:/systemworkbench/plugins/fr.ac6.mcu.externaltools.arm-none.win32_1.7.0.201602121829/tools/compiler/bin/../lib/gcc/arm-none-eabi/5.2.1/../../../../arm-none-eabi/lib/armv7e-m/fpu\libc.a(lib_a-impure.o)
                0x20000478                . = ALIGN (0x4)
                0x20000478                _edata = .

.jcr            0x20000478        0x0 load address 0x08001920
 .jcr           0x20000478        0x0 d:/systemworkbench/plugins/fr.ac6.mcu.externaltools.arm-none.win32_1.7.0.201602121829/tools/compiler/bin/../lib/gcc/arm-none-eabi/5.2.1/armv7e-m/fpu/crtbegin.o

.tm_clone_table
                0x20000478        0x0 load address 0x08001920
 .tm_clone_table
                0x20000478        0x0 d:/systemworkbench/plugins/fr.ac6.mcu.externaltools.arm-none.win32_1.7.0.201602121829/tools/compiler/bin/../lib/gcc/arm-none-eabi/5.2.1/armv7e-m/fpu/crtbegin.o
 .tm_clone_table
                0x20000478        0x0 d:/systemworkbench/plugins/fr.ac6.mcu.externaltools.arm-none.win32_1.7.0.201602121829/tools/compiler/bin/../lib/gcc/arm-none-eabi/5.2.1/armv7e-m/fpu/crtend.o

.igot.plt       0x20000478        0x0 load address 0x08001920
 .igot.plt      0x20000478        0x0 d:/systemworkbench/plugins/fr.ac6.mcu.externaltools.arm-none.win32_1.7.0.201602121829/tools/compiler/bin/../lib/gcc/arm-none-eabi/5.2.1/armv7e-m/fpu/crtbegin.o
                0x20000478                . = ALIGN (0x4)

.bss            0x20000478      0x1ac load address 0x08001920
                0x20000478                _sbss = .
                0x20000478                __bss_start__ = _sbss
 *(.bss)
 .bss           0x20000478       0x1c d:/systemworkbench/plugins/fr.ac6.mcu.externaltools.arm-none.win32_1.7.0.201602121829/tools/compiler/bin/../lib/gcc/arm-none-eabi/5.2.1/armv7e-m/fpu/crtbegin.o
 .bss           0x20000494        0x4 src/delay.o
                0x20000494                system_time
 .bss           0x20000498      0x188 src/ws2812.o
                0x20000618                frame_pos
                0x2000061c                incomplete_return
 *(.bss*)
 *(COMMON)
 COMMON         0x20000620        0x4 src/main.o
                0x20000620                ws2812_framebuffer
                0x20000624                . = ALIGN (0x4)
                0x20000624                _ebss = .
                0x20000624                __bss_end__ = _ebss

._user_heap_stack
                0x20000624      0x404 load address 0x08001920
                0x20000628                . = ALIGN (0x8)
 *fill*         0x20000624        0x4 
                0x20000628                PROVIDE (end, .)
                [!provide]                PROVIDE (_end, .)
                0x20000628                . = (. + _Min_Heap_Size)
                0x20000a28                . = (. + _Min_Stack_Size)
 *fill*         0x20000628      0x400 
                0x20000a28                . = ALIGN (0x8)

/DISCARD/
 libc.a(*)
 libm.a(*)
 libgcc.a(*)

.ARM.attributes
                0x00000000       0x30
 *(.ARM.attributes)
 .ARM.attributes
                0x00000000       0x22 d:/systemworkbench/plugins/fr.ac6.mcu.externaltools.arm-none.win32_1.7.0.201602121829/tools/compiler/bin/../lib/gcc/arm-none-eabi/5.2.1/armv7e-m/fpu/crti.o
 .ARM.attributes
                0x00000022       0x34 d:/systemworkbench/plugins/fr.ac6.mcu.externaltools.arm-none.win32_1.7.0.201602121829/tools/compiler/bin/../lib/gcc/arm-none-eabi/5.2.1/armv7e-m/fpu/crtbegin.o
 .ARM.attributes
                0x00000056       0x39 StdPeriph_Driver/src/misc.o
 .ARM.attributes
                0x0000008f       0x39 StdPeriph_Driver/src/stm32f4xx_dma.o
 .ARM.attributes
                0x000000c8       0x39 StdPeriph_Driver/src/stm32f4xx_gpio.o
 .ARM.attributes
                0x00000101       0x39 StdPeriph_Driver/src/stm32f4xx_rcc.o
 .ARM.attributes
                0x0000013a       0x39 StdPeriph_Driver/src/stm32f4xx_tim.o
 .ARM.attributes
                0x00000173       0x39 src/delay.o
 .ARM.attributes
                0x000001ac       0x39 src/main.o
 .ARM.attributes
                0x000001e5       0x39 src/system_stm32f4xx.o
 .ARM.attributes
                0x0000021e       0x39 src/ws2812.o
 .ARM.attributes
                0x00000257       0x21 startup/startup_stm32.o
 .ARM.attributes
                0x00000278       0x34 d:/systemworkbench/plugins/fr.ac6.mcu.externaltools.arm-none.win32_1.7.0.201602121829/tools/compiler/bin/../lib/gcc/arm-none-eabi/5.2.1/../../../../arm-none-eabi/lib/armv7e-m/fpu\libc.a(lib_a-impure.o)
 .ARM.attributes
                0x000002ac       0x34 d:/systemworkbench/plugins/fr.ac6.mcu.externaltools.arm-none.win32_1.7.0.201602121829/tools/compiler/bin/../lib/gcc/arm-none-eabi/5.2.1/../../../../arm-none-eabi/lib/armv7e-m/fpu\libc.a(lib_a-__call_atexit.o)
 .ARM.attributes
                0x000002e0       0x34 d:/systemworkbench/plugins/fr.ac6.mcu.externaltools.arm-none.win32_1.7.0.201602121829/tools/compiler/bin/../lib/gcc/arm-none-eabi/5.2.1/../../../../arm-none-eabi/lib/armv7e-m/fpu\libc.a(lib_a-atexit.o)
 .ARM.attributes
                0x00000314       0x34 d:/systemworkbench/plugins/fr.ac6.mcu.externaltools.arm-none.win32_1.7.0.201602121829/tools/compiler/bin/../lib/gcc/arm-none-eabi/5.2.1/../../../../arm-none-eabi/lib/armv7e-m/fpu\libc.a(lib_a-fini.o)
 .ARM.attributes
                0x00000348       0x34 d:/systemworkbench/plugins/fr.ac6.mcu.externaltools.arm-none.win32_1.7.0.201602121829/tools/compiler/bin/../lib/gcc/arm-none-eabi/5.2.1/../../../../arm-none-eabi/lib/armv7e-m/fpu\libc.a(lib_a-__atexit.o)
 .ARM.attributes
                0x0000037c       0x34 d:/systemworkbench/plugins/fr.ac6.mcu.externaltools.arm-none.win32_1.7.0.201602121829/tools/compiler/bin/../lib/gcc/arm-none-eabi/5.2.1/armv7e-m/fpu/crtend.o
 .ARM.attributes
                0x000003b0       0x22 d:/systemworkbench/plugins/fr.ac6.mcu.externaltools.arm-none.win32_1.7.0.201602121829/tools/compiler/bin/../lib/gcc/arm-none-eabi/5.2.1/armv7e-m/fpu/crtn.o
OUTPUT(WS2812B_test.elf elf32-littlearm)

.debug_info     0x00000000     0x58d3
 .debug_info    0x00000000      0x549 StdPeriph_Driver/src/misc.o
 .debug_info    0x00000549      0x749 StdPeriph_Driver/src/stm32f4xx_dma.o
 .debug_info    0x00000c92      0x625 StdPeriph_Driver/src/stm32f4xx_gpio.o
 .debug_info    0x000012b7      0xf7d StdPeriph_Driver/src/stm32f4xx_rcc.o
 .debug_info    0x00002234     0x1c71 StdPeriph_Driver/src/stm32f4xx_tim.o
 .debug_info    0x00003ea5      0x757 src/delay.o
 .debug_info    0x000045fc      0x13a src/main.o
 .debug_info    0x00004736      0x5f1 src/system_stm32f4xx.o
 .debug_info    0x00004d27      0xb4a src/ws2812.o
 .debug_info    0x00005871       0x62 startup/startup_stm32.o

.debug_abbrev   0x00000000      0xdc3
 .debug_abbrev  0x00000000      0x14c StdPeriph_Driver/src/misc.o
 .debug_abbrev  0x0000014c      0x15c StdPeriph_Driver/src/stm32f4xx_dma.o
 .debug_abbrev  0x000002a8      0x1ac StdPeriph_Driver/src/stm32f4xx_gpio.o
 .debug_abbrev  0x00000454      0x1c1 StdPeriph_Driver/src/stm32f4xx_rcc.o
 .debug_abbrev  0x00000615      0x18e StdPeriph_Driver/src/stm32f4xx_tim.o
 .debug_abbrev  0x000007a3      0x1e1 src/delay.o
 .debug_abbrev  0x00000984       0xfa src/main.o
 .debug_abbrev  0x00000a7e      0x13d src/system_stm32f4xx.o
 .debug_abbrev  0x00000bbb      0x1f6 src/ws2812.o
 .debug_abbrev  0x00000db1       0x12 startup/startup_stm32.o

.debug_aranges  0x00000000      0x760
 .debug_aranges
                0x00000000       0x40 StdPeriph_Driver/src/misc.o
 .debug_aranges
                0x00000040       0xb0 StdPeriph_Driver/src/stm32f4xx_dma.o
 .debug_aranges
                0x000000f0       0x88 StdPeriph_Driver/src/stm32f4xx_gpio.o
 .debug_aranges
                0x00000178      0x1e8 StdPeriph_Driver/src/stm32f4xx_rcc.o
 .debug_aranges
                0x00000360      0x2f8 StdPeriph_Driver/src/stm32f4xx_tim.o
 .debug_aranges
                0x00000658       0x40 src/delay.o
 .debug_aranges
                0x00000698       0x20 src/main.o
 .debug_aranges
                0x000006b8       0x30 src/system_stm32f4xx.o
 .debug_aranges
                0x000006e8       0x50 src/ws2812.o
 .debug_aranges
                0x00000738       0x28 startup/startup_stm32.o

.debug_ranges   0x00000000      0x6c8
 .debug_ranges  0x00000000       0x30 StdPeriph_Driver/src/misc.o
 .debug_ranges  0x00000030       0xa0 StdPeriph_Driver/src/stm32f4xx_dma.o
 .debug_ranges  0x000000d0       0x78 StdPeriph_Driver/src/stm32f4xx_gpio.o
 .debug_ranges  0x00000148      0x1d8 StdPeriph_Driver/src/stm32f4xx_rcc.o
 .debug_ranges  0x00000320      0x2e8 StdPeriph_Driver/src/stm32f4xx_tim.o
 .debug_ranges  0x00000608       0x30 src/delay.o
 .debug_ranges  0x00000638       0x10 src/main.o
 .debug_ranges  0x00000648       0x20 src/system_stm32f4xx.o
 .debug_ranges  0x00000668       0x40 src/ws2812.o
 .debug_ranges  0x000006a8       0x20 startup/startup_stm32.o

.debug_macro    0x00000000    0x13545
 .debug_macro   0x00000000      0x1ef StdPeriph_Driver/src/misc.o
 .debug_macro   0x000001ef      0x8aa StdPeriph_Driver/src/misc.o
 .debug_macro   0x00000a99       0x65 StdPeriph_Driver/src/misc.o
 .debug_macro   0x00000afe       0x3b StdPeriph_Driver/src/misc.o
 .debug_macro   0x00000b39       0x22 StdPeriph_Driver/src/misc.o
 .debug_macro   0x00000b5b       0x44 StdPeriph_Driver/src/misc.o
 .debug_macro   0x00000b9f       0xfd StdPeriph_Driver/src/misc.o
 .debug_macro   0x00000c9c       0x22 StdPeriph_Driver/src/misc.o
 .debug_macro   0x00000cbe      0x1df StdPeriph_Driver/src/misc.o
 .debug_macro   0x00000e9d       0x34 StdPeriph_Driver/src/misc.o
 .debug_macro   0x00000ed1       0x26 StdPeriph_Driver/src/misc.o
 .debug_macro   0x00000ef7      0xe43 StdPeriph_Driver/src/misc.o
 .debug_macro   0x00001d3a     0x9f3d StdPeriph_Driver/src/misc.o
 .debug_macro   0x0000bc77      0x448 StdPeriph_Driver/src/misc.o
 .debug_macro   0x0000c0bf       0xb2 StdPeriph_Driver/src/misc.o
 .debug_macro   0x0000c171      0x477 StdPeriph_Driver/src/misc.o
 .debug_macro   0x0000c5e8       0xb5 StdPeriph_Driver/src/misc.o
 .debug_macro   0x0000c69d      0x41c StdPeriph_Driver/src/misc.o
 .debug_macro   0x0000cab9      0x341 StdPeriph_Driver/src/misc.o
 .debug_macro   0x0000cdfa      0x2ba StdPeriph_Driver/src/misc.o
 .debug_macro   0x0000d0b4       0x64 StdPeriph_Driver/src/misc.o
 .debug_macro   0x0000d118      0x100 StdPeriph_Driver/src/misc.o
 .debug_macro   0x0000d218      0x75f StdPeriph_Driver/src/misc.o
 .debug_macro   0x0000d977      0x59e StdPeriph_Driver/src/misc.o
 .debug_macro   0x0000df15      0x342 StdPeriph_Driver/src/misc.o
 .debug_macro   0x0000e257      0x36c StdPeriph_Driver/src/misc.o
 .debug_macro   0x0000e5c3       0xf7 StdPeriph_Driver/src/misc.o
 .debug_macro   0x0000e6ba      0x73b StdPeriph_Driver/src/misc.o
 .debug_macro   0x0000edf5      0x223 StdPeriph_Driver/src/misc.o
 .debug_macro   0x0000f018       0x34 StdPeriph_Driver/src/misc.o
 .debug_macro   0x0000f04c      0x144 StdPeriph_Driver/src/misc.o
 .debug_macro   0x0000f190       0xc3 StdPeriph_Driver/src/misc.o
 .debug_macro   0x0000f253      0x3cf StdPeriph_Driver/src/misc.o
 .debug_macro   0x0000f622      0x188 StdPeriph_Driver/src/misc.o
 .debug_macro   0x0000f7aa      0x149 StdPeriph_Driver/src/misc.o
 .debug_macro   0x0000f8f3      0x21e StdPeriph_Driver/src/misc.o
 .debug_macro   0x0000fb11      0x23a StdPeriph_Driver/src/misc.o
 .debug_macro   0x0000fd4b      0x336 StdPeriph_Driver/src/misc.o
 .debug_macro   0x00010081      0x287 StdPeriph_Driver/src/misc.o
 .debug_macro   0x00010308      0x29a StdPeriph_Driver/src/misc.o
 .debug_macro   0x000105a2      0x142 StdPeriph_Driver/src/misc.o
 .debug_macro   0x000106e4      0x191 StdPeriph_Driver/src/misc.o
 .debug_macro   0x00010875       0x35 StdPeriph_Driver/src/misc.o
 .debug_macro   0x000108aa       0x7c StdPeriph_Driver/src/misc.o
 .debug_macro   0x00010926      0x241 StdPeriph_Driver/src/stm32f4xx_dma.o
 .debug_macro   0x00010b67      0x471 StdPeriph_Driver/src/stm32f4xx_dma.o
 .debug_macro   0x00010fd8      0x1ed StdPeriph_Driver/src/stm32f4xx_gpio.o
 .debug_macro   0x000111c5      0x33b StdPeriph_Driver/src/stm32f4xx_gpio.o
 .debug_macro   0x00011500      0x2bc StdPeriph_Driver/src/stm32f4xx_rcc.o
 .debug_macro   0x000117bc      0x217 StdPeriph_Driver/src/stm32f4xx_tim.o
 .debug_macro   0x000119d3      0x735 StdPeriph_Driver/src/stm32f4xx_tim.o
 .debug_macro   0x00012108      0x301 src/delay.o
 .debug_macro   0x00012409       0x58 src/delay.o
 .debug_macro   0x00012461       0x35 src/delay.o
 .debug_macro   0x00012496       0x9c src/delay.o
 .debug_macro   0x00012532       0x16 src/delay.o
 .debug_macro   0x00012548       0x97 src/delay.o
 .debug_macro   0x000125df      0x329 src/delay.o
 .debug_macro   0x00012908       0xfd src/delay.o
 .debug_macro   0x00012a05       0x10 src/delay.o
 .debug_macro   0x00012a15       0x52 src/delay.o
 .debug_macro   0x00012a67       0x16 src/delay.o
 .debug_macro   0x00012a7d       0x43 src/delay.o
 .debug_macro   0x00012ac0      0x187 src/delay.o
 .debug_macro   0x00012c47       0x10 src/delay.o
 .debug_macro   0x00012c57       0x22 src/delay.o
 .debug_macro   0x00012c79       0x3a src/delay.o
 .debug_macro   0x00012cb3       0x10 src/delay.o
 .debug_macro   0x00012cc3       0x40 src/delay.o
 .debug_macro   0x00012d03       0x65 src/delay.o
 .debug_macro   0x00012d68       0x16 src/delay.o
 .debug_macro   0x00012d7e      0x197 src/delay.o
 .debug_macro   0x00012f15      0x202 src/main.o
 .debug_macro   0x00013117       0x16 src/main.o
 .debug_macro   0x0001312d      0x20a src/system_stm32f4xx.o
 .debug_macro   0x00013337      0x1fe src/ws2812.o
 .debug_macro   0x00013535       0x10 src/ws2812.o

.debug_line     0x00000000     0x4cb7
 .debug_line    0x00000000      0x67a StdPeriph_Driver/src/misc.o
 .debug_line    0x0000067a      0x85d StdPeriph_Driver/src/stm32f4xx_dma.o
 .debug_line    0x00000ed7      0x7a2 StdPeriph_Driver/src/stm32f4xx_gpio.o
 .debug_line    0x00001679      0xb1d StdPeriph_Driver/src/stm32f4xx_rcc.o
 .debug_line    0x00002196      0xef4 StdPeriph_Driver/src/stm32f4xx_tim.o
 .debug_line    0x0000308a      0x760 src/delay.o
 .debug_line    0x000037ea      0x666 src/main.o
 .debug_line    0x00003e50      0x6af src/system_stm32f4xx.o
 .debug_line    0x000044ff      0x742 src/ws2812.o
 .debug_line    0x00004c41       0x76 startup/startup_stm32.o

.debug_str      0x00000000    0x724e4
 .debug_str     0x00000000    0x6bffb StdPeriph_Driver/src/misc.o
                              0x6c28a (size before relaxing)
 .debug_str     0x0006bffb      0x6ae StdPeriph_Driver/src/stm32f4xx_dma.o
                              0x6c6f0 (size before relaxing)
 .debug_str     0x0006c6a9      0x2b6 StdPeriph_Driver/src/stm32f4xx_gpio.o
                              0x6c332 (size before relaxing)
 .debug_str     0x0006c95f      0xe34 StdPeriph_Driver/src/stm32f4xx_rcc.o
                              0x6cf0e (size before relaxing)
 .debug_str     0x0006d793      0xc2f StdPeriph_Driver/src/stm32f4xx_tim.o
                              0x6cd29 (size before relaxing)
 .debug_str     0x0006e3c2     0x3ece src/delay.o
                              0x700af (size before relaxing)
 .debug_str     0x00072290       0x74 src/main.o
                              0x6c04f (size before relaxing)
 .debug_str     0x00072304       0xde src/system_stm32f4xx.o
                              0x6c2a1 (size before relaxing)
 .debug_str     0x000723e2      0x102 src/ws2812.o
                              0x6cbb1 (size before relaxing)

.comment        0x00000000       0x6e
 .comment       0x00000000       0x6e StdPeriph_Driver/src/misc.o
                                 0x6f (size before relaxing)
 .comment       0x0000006e       0x6f StdPeriph_Driver/src/stm32f4xx_dma.o
 .comment       0x0000006e       0x6f StdPeriph_Driver/src/stm32f4xx_gpio.o
 .comment       0x0000006e       0x6f StdPeriph_Driver/src/stm32f4xx_rcc.o
 .comment       0x0000006e       0x6f StdPeriph_Driver/src/stm32f4xx_tim.o
 .comment       0x0000006e       0x6f src/delay.o
 .comment       0x0000006e       0x6f src/main.o
 .comment       0x0000006e       0x6f src/system_stm32f4xx.o
 .comment       0x0000006e       0x6f src/ws2812.o

.debug_frame    0x00000000     0x20c0
 .debug_frame   0x00000000       0xd8 StdPeriph_Driver/src/misc.o
 .debug_frame   0x000000d8      0x308 StdPeriph_Driver/src/stm32f4xx_dma.o
 .debug_frame   0x000003e0      0x23c StdPeriph_Driver/src/stm32f4xx_gpio.o
 .debug_frame   0x0000061c      0x904 StdPeriph_Driver/src/stm32f4xx_rcc.o
 .debug_frame   0x00000f20      0xe54 StdPeriph_Driver/src/stm32f4xx_tim.o
 .debug_frame   0x00001d74       0xc8 src/delay.o
 .debug_frame   0x00001e3c       0x34 src/main.o
 .debug_frame   0x00001e70       0x7c src/system_stm32f4xx.o
 .debug_frame   0x00001eec       0xfc src/ws2812.o
 .debug_frame   0x00001fe8       0x50 d:/systemworkbench/plugins/fr.ac6.mcu.externaltools.arm-none.win32_1.7.0.201602121829/tools/compiler/bin/../lib/gcc/arm-none-eabi/5.2.1/../../../../arm-none-eabi/lib/armv7e-m/fpu\libc.a(lib_a-__call_atexit.o)
 .debug_frame   0x00002038       0x20 d:/systemworkbench/plugins/fr.ac6.mcu.externaltools.arm-none.win32_1.7.0.201602121829/tools/compiler/bin/../lib/gcc/arm-none-eabi/5.2.1/../../../../arm-none-eabi/lib/armv7e-m/fpu\libc.a(lib_a-atexit.o)
 .debug_frame   0x00002058       0x34 d:/systemworkbench/plugins/fr.ac6.mcu.externaltools.arm-none.win32_1.7.0.201602121829/tools/compiler/bin/../lib/gcc/arm-none-eabi/5.2.1/../../../../arm-none-eabi/lib/armv7e-m/fpu\libc.a(lib_a-fini.o)
 .debug_frame   0x0000208c       0x34 d:/systemworkbench/plugins/fr.ac6.mcu.externaltools.arm-none.win32_1.7.0.201602121829/tools/compiler/bin/../lib/gcc/arm-none-eabi/5.2.1/../../../../arm-none-eabi/lib/armv7e-m/fpu\libc.a(lib_a-__atexit.o)
